// Jest Snapshot v1, https://goo.gl/fbAQLP

exports[`should render EditExpense correctly 1`] = `
<div>
  <ExpenseForm
    expense={
      Object {
        "amount": 195,
        "createdAt": 0,
        "description": "Gum",
        "id": "1",
        "note": "",
      }
    }
    onSubmit={[Function]}
  />
  <div>
    <button
      onClick={[Function]}
    >
      Remove
    </button>
  </div>
</div>
`;
