// Jest Snapshot v1, https://goo.gl/fbAQLP

exports[`should render ExpensesListItem with expense 1`] = `
<div>
  <h3>
    <Link
      replace={false}
      to="/edit/1"
    >
      Gum
    </Link>
  </h3>
  <p>
    $1.95
     - 
    Jan 1st 1970
  </p>
</div>
`;
